node.exe : npm warn config production Use `--omit=dev` instead.
At line:1 char:1
+ & "C:\Program Files\nodejs/node.exe" "C:\Program Files\nodejs/node_mo ...
+ ~~~~~~~~~~~~~~~~~~~~~~~~~~~~~~~~~~~~~~~~~~~~~~~~~~~~~~~~~~~~~~~~~~~~~
    + CategoryInfo          : NotSpecified: (npm warn config...t=dev` instead. 
   :String) [], RemoteException
    + FullyQualifiedErrorId : NativeCommandError
 

> ratio-of-job-posting-to-hiring@0.1.0 build
> next build

 ΓÜá Disabling SWC Minifer will not be an option in the next major version. 
Please report any issues you may be experiencing to 
https://github.com/vercel/next.js/issues
  Γû▓ Next.js 14.2.35
  - Environments: .env.local

   Linting and checking validity of types ...
   Creating an optimized production build ...
 Γ£ô Compiled successfully
   Collecting page data ...
   Generating static pages (0/38) ...
   Generating static pages (9/38) 
   Generating static pages (18/38) 
   Generating static pages (28/38) 
≡ƒöä Rendering loading state: loading=true, insights=false null
 Γ£ô Generating static pages (38/38)
   Finalizing page optimization ...
   Collecting build traces ...
