node.exe : npm warn config production Use `--omit=dev` instead.
At line:1 char:1
+ & "C:\Program Files\nodejs/node.exe" "C:\Program Files\nodejs/node_mo ...
+ ~~~~~~~~~~~~~~~~~~~~~~~~~~~~~~~~~~~~~~~~~~~~~~~~~~~~~~~~~~~~~~~~~~~~~
    + CategoryInfo          : NotSpecified: (npm warn config...t=dev` instead. 
   :String) [], RemoteException
    + FullyQualifiedErrorId : NativeCommandError
 
[2m[WebServer] [22mnpm warn config production Use `--omit=dev` instead.
[2m[WebServer] [22m [33m[1mΓÜá[22m[39m Port 3000 is in use, trying 3001 
instead.
[2m[WebServer] [22m [33m[1mΓÜá[22m[39m Disabling SWC Minifer will not be 
an option in the next major version. Please report any issues you may be 
experiencing to https://github.com/vercel/next.js/issues
Error: Timed out waiting 300000ms from config.webServer.

